#-----------------------------------------------------------
# Vivado v2024.2 (64-bit)
# SW Build 5239630 on Fri Nov 08 22:35:27 MST 2024
# IP Build 5239520 on Sun Nov 10 16:12:51 MST 2024
# SharedData Build 5239561 on Fri Nov 08 14:39:27 MST 2024
# Start of session at: Sun Nov 24 22:33:00 2024
# Process ID         : 7340
# Current directory  : C:/Users/Admin/OneDrive/My_tnh/Design-Conv2D-using-HLS/Conv2D-design/Conv2D-design.runs/Conv2D_design_processing_system7_0_0_synth_1
# Command line       : vivado.exe -log Conv2D_design_processing_system7_0_0.vds -product Vivado -mode batch -messageDb vivado.pb -notrace -source Conv2D_design_processing_system7_0_0.tcl
# Log file           : C:/Users/Admin/OneDrive/My_tnh/Design-Conv2D-using-HLS/Conv2D-design/Conv2D-design.runs/Conv2D_design_processing_system7_0_0_synth_1/Conv2D_design_processing_system7_0_0.vds
# Journal file       : C:/Users/Admin/OneDrive/My_tnh/Design-Conv2D-using-HLS/Conv2D-design/Conv2D-design.runs/Conv2D_design_processing_system7_0_0_synth_1\vivado.jou
# Running On         : freedino
# Platform           : Windows Server 2016 or Windows 10
# Operating System   : 19045
# Processor Detail   : Intel(R) Core(TM) i5-4210U CPU @ 1.70GHz
# CPU Frequency      : 1696 MHz
# CPU Physical cores : 2
# CPU Logical cores  : 4
# Host memory        : 8489 MB
# Swap memory        : 2410 MB
# Total Virtual      : 10900 MB
# Available Virtual  : 2302 MB
#-----------------------------------------------------------
source Conv2D_design_processing_system7_0_0.tcl -notrace
