Report time       : Wed Dec 18 18:09:44 SEAST 2024.
Solution          : solution1.
Simulation tool   : xsim.

+----------+----------+-----------------------------------------------+-----------------------------------------------+
|          |          |                    Latency                    |                    Interval                   |
+   RTL    +  Status  +-----------------------------------------------+-----------------------------------------------+
|          |          |      min      |      avg      |      max      |      min      |      avg      |      max      |
+----------+----------+-----------------------------------------------+-----------------------------------------------+
|      VHDL|      Pass|             15|             15|             16|             15|             15|             16|
|   Verilog|        NA|             70|             70|             70|             71|             71|             71|
+----------+----------+-----------------------------------------------+-----------------------------------------------+
